// Jest Snapshot v1, https://goo.gl/fbAQLP

exports[`createExamplePath() path parameters fails when not supported style supplied 1`] = `[Error: Unsupported parameter style: pipeDelimited]`;
