// Jest Snapshot v1, https://goo.gl/fbAQLP

exports[`serve command throws error when supplied with a directory 1`] = `"Supplied spec path points to directory. Only files are supported."`;

exports[`serve command throws error when supplied with non-existing path 1`] = `"Non-existing path to spec supplied: a-non-existing-path"`;
