// Jest Snapshot v1, https://goo.gl/fbAQLP

exports[`HttpForwarder forward() handles multipart/form-data 1`] = `
Object {
  "body": "--------------------------a66059a71a48e542\\\\r\\\\nContent-Disposition: form-data; name=\\"file\\"; filename=\\"file.txt\\"\\\\r\\\\nContent-Type: text/plain\\\\r\\\\n\\\\r\\\\FILE!\\\\n\\\\r\\\\n--------------------------a66059a71a48e542
Content-Disposition: form-data; name=\\"test\\"

1
--------------------------a66059a71a48e542--
",
  "headers": Object {
    "Content-type": "multipart/form-data; boundary=------------------------a66059a71a48e542",
  },
  "responseType": "",
  "statusCode": 200,
}
`;
