// Jest Snapshot v1, https://goo.gl/fbAQLP

exports[`JSONSchemaValidator validate() validates negatively 1`] = `
Array [
  Object {
    "code": "type",
    "message": "should be string",
    "path": Array [],
    "severity": 0,
  },
]
`;
