// Jest Snapshot v1, https://goo.gl/fbAQLP

exports[`HttpMocker mock() fails when called with no input 1`] = `"Http request is not defined"`;

exports[`HttpMocker mock() fails when called with no resource 1`] = `"Resource is not defined"`;

exports[`HttpMocker mock() when example is of type INodeExternalExample generates a dynamic example 1`] = `
Object {
  "body": "test value",
  "headers": Object {
    "Content-type": "test",
  },
  "statusCode": 202,
}
`;

exports[`HttpMocker mock() with invalid negotiator response returns static example 1`] = `
Object {
  "body": "hello",
  "headers": Object {
    "Content-type": "test",
  },
  "statusCode": 202,
}
`;

exports[`HttpMocker mock() with valid negotiator response returns dynamic example 1`] = `
Object {
  "body": "example value",
  "headers": Object {
    "Content-type": "test",
  },
  "statusCode": 202,
}
`;

exports[`HttpMocker mock() with valid negotiator response returns static example 1`] = `
Object {
  "body": "hello",
  "headers": Object {
    "Content-type": "test",
  },
  "statusCode": 202,
}
`;
